
/home/runner/work/exp-genetic-transformation-techniques-iitkgp/exp-genetic-transformation-techniques-iitkgp/experiment/amtransform/simulation/js/mainamt.js
    3:10  warning  'step1acheck' is defined but never used  no-unused-vars
   14:7   warning  '$' is not defined                       no-undef
   15:7   warning  '$' is not defined                       no-undef
   21:7   warning  '$' is not defined                       no-undef
   22:7   warning  '$' is not defined                       no-undef
   27:5   warning  '$' is not defined                       no-undef
   28:5   warning  '$' is not defined                       no-undef
   33:10  warning  'step1bcheck' is defined but never used  no-unused-vars
   44:7   warning  '$' is not defined                       no-undef
   45:7   warning  '$' is not defined                       no-undef
   51:7   warning  '$' is not defined                       no-undef
   52:7   warning  '$' is not defined                       no-undef
   60:10  warning  'step2check' is defined but never used   no-unused-vars
   71:7   warning  '$' is not defined                       no-undef
   72:7   warning  '$' is not defined                       no-undef
   78:7   warning  '$' is not defined                       no-undef
   79:7   warning  '$' is not defined                       no-undef
   83:7   warning  '$' is not defined                       no-undef
   84:7   warning  '$' is not defined                       no-undef
   89:5   warning  '$' is not defined                       no-undef
   90:5   warning  '$' is not defined                       no-undef
   96:10  warning  'step3acheck' is defined but never used  no-unused-vars
  107:7   warning  '$' is not defined                       no-undef
  108:7   warning  '$' is not defined                       no-undef
  114:7   warning  '$' is not defined                       no-undef
  115:7   warning  '$' is not defined                       no-undef
  123:7   warning  '$' is not defined                       no-undef
  124:7   warning  '$' is not defined                       no-undef
  129:5   warning  '$' is not defined                       no-undef
  130:5   warning  '$' is not defined                       no-undef
  137:10  warning  'step3bcheck' is defined but never used  no-unused-vars
  148:7   warning  '$' is not defined                       no-undef
  149:7   warning  '$' is not defined                       no-undef
  155:7   warning  '$' is not defined                       no-undef
  156:7   warning  '$' is not defined                       no-undef
  164:7   warning  '$' is not defined                       no-undef
  165:7   warning  '$' is not defined                       no-undef
  174:10  warning  'step4check' is defined but never used   no-unused-vars
  177:9   warning  '$' is not defined                       no-undef
  178:7   warning  '$' is not defined                       no-undef
  182:9   warning  '$' is not defined                       no-undef
  183:7   warning  '$' is not defined                       no-undef
  187:9   warning  '$' is not defined                       no-undef
  188:7   warning  '$' is not defined                       no-undef
  195:10  warning  'step5check' is defined but never used   no-unused-vars
  198:9   warning  '$' is not defined                       no-undef
  199:7   warning  '$' is not defined                       no-undef
  204:9   warning  '$' is not defined                       no-undef
  205:7   warning  '$' is not defined                       no-undef
  209:9   warning  '$' is not defined                       no-undef
  210:7   warning  '$' is not defined                       no-undef
  219:10  warning  'step6check' is defined but never used   no-unused-vars
  222:9   warning  '$' is not defined                       no-undef
  223:7   warning  '$' is not defined                       no-undef
  227:9   warning  '$' is not defined                       no-undef
  228:7   warning  '$' is not defined                       no-undef
  232:9   warning  '$' is not defined                       no-undef
  233:7   warning  '$' is not defined                       no-undef

/home/runner/work/exp-genetic-transformation-techniques-iitkgp/exp-genetic-transformation-techniques-iitkgp/experiment/pbmethod/simulation/js/main.js
    3:10  warning  'step1acheck' is defined but never used  no-unused-vars
   14:7   warning  '$' is not defined                       no-undef
   15:7   warning  '$' is not defined                       no-undef
   21:7   warning  '$' is not defined                       no-undef
   22:7   warning  '$' is not defined                       no-undef
   26:7   warning  '$' is not defined                       no-undef
   27:7   warning  '$' is not defined                       no-undef
   32:5   warning  '$' is not defined                       no-undef
   33:5   warning  '$' is not defined                       no-undef
   41:10  warning  'step2check' is defined but never used   no-unused-vars
   52:7   warning  '$' is not defined                       no-undef
   53:7   warning  '$' is not defined                       no-undef
   60:5   warning  '$' is not defined                       no-undef
   61:5   warning  '$' is not defined                       no-undef
   67:10  warning  'step3acheck' is defined but never used  no-unused-vars
   78:7   warning  '$' is not defined                       no-undef
   79:7   warning  '$' is not defined                       no-undef
   85:7   warning  '$' is not defined                       no-undef
   86:7   warning  '$' is not defined                       no-undef
   94:7   warning  '$' is not defined                       no-undef
   95:7   warning  '$' is not defined                       no-undef
  101:5   warning  '$' is not defined                       no-undef
  102:5   warning  '$' is not defined                       no-undef
  112:10  warning  'step4check' is defined but never used   no-unused-vars
  115:9   warning  '$' is not defined                       no-undef
  116:7   warning  '$' is not defined                       no-undef
  120:9   warning  '$' is not defined                       no-undef
  121:7   warning  '$' is not defined                       no-undef
  125:9   warning  '$' is not defined                       no-undef
  126:7   warning  '$' is not defined                       no-undef
  133:10  warning  'step5check' is defined but never used   no-unused-vars
  136:9   warning  '$' is not defined                       no-undef
  137:7   warning  '$' is not defined                       no-undef
  142:9   warning  '$' is not defined                       no-undef
  143:7   warning  '$' is not defined                       no-undef
  147:9   warning  '$' is not defined                       no-undef
  148:7   warning  '$' is not defined                       no-undef
  158:10  warning  'step6check' is defined but never used   no-unused-vars
  161:9   warning  '$' is not defined                       no-undef
  162:7   warning  '$' is not defined                       no-undef
  166:9   warning  '$' is not defined                       no-undef
  167:7   warning  '$' is not defined                       no-undef
  171:9   warning  '$' is not defined                       no-undef
  172:7   warning  '$' is not defined                       no-undef
  180:10  warning  'step7check' is defined but never used   no-unused-vars
  183:9   warning  '$' is not defined                       no-undef
  184:7   warning  '$' is not defined                       no-undef
  188:9   warning  '$' is not defined                       no-undef
  189:7   warning  '$' is not defined                       no-undef
  193:9   warning  '$' is not defined                       no-undef
  194:7   warning  '$' is not defined                       no-undef

✖ 109 problems (0 errors, 109 warnings)

